
> agora@0.0.0 build
> tsc -b && vite build

src/components/layout/MainLayout.tsx(5,11): error TS6133: 'X' is declared but its value is never read.
src/components/layout/MainLayout.tsx(8,18): error TS6133: 'Settings' is declared but its value is never read.
src/context/AuthContext.tsx(2,10): error TS1484: 'Session' is a type and must be imported using a type-only import when 'verbatimModuleSyntax' is enabled.
src/context/AuthContext.tsx(2,19): error TS1484: 'User' is a type and must be imported using a type-only import when 'verbatimModuleSyntax' is enabled.
src/features/alumnos/AlumnosList.tsx(1,8): error TS6133: 'React' is declared but its value is never read.
src/features/alumnos/AlumnosList.tsx(4,37): error TS6133: 'Edit' is declared but its value is never read.
src/features/alumnos/AlumnosList.tsx(4,43): error TS6133: 'Trash2' is declared but its value is never read.
src/features/alumnos/AlumnosList.tsx(6,1): error TS6133: 'format' is declared but its value is never read.
src/features/asistencias/AsistenciasPage.tsx(1,8): error TS6133: 'React' is declared but its value is never read.
src/features/asistencias/AsistenciasPage.tsx(4,25): error TS6133: 'Calendar' is declared but its value is never read.
src/features/asistencias/AsistenciasPage.tsx(16,6): error TS6196: 'AttendanceRecord' is declared but never used.
src/features/asistencias/AsistenciasPage.tsx(24,12): error TS6133: 'courses' is declared but its value is never read.
src/features/asistencias/AsistenciasPage.tsx(24,21): error TS6133: 'setCourses' is declared but its value is never read.
src/features/calendario/DiasInhabilesPage.tsx(3,43): error TS6133: 'AlertCircle' is declared but its value is never read.
src/features/conducta/ConductaPage.tsx(3,10): error TS6133: 'AlertTriangle' is declared but its value is never read.
src/features/conducta/ConductaPage.tsx(3,31): error TS6133: 'Search' is declared but its value is never read.
src/features/dashboard/DashboardPage.tsx(1,1): error TS6133: 'React' is declared but its value is never read.
src/features/dashboard/DashboardPage.tsx(5,13): error TS6133: 'user' is declared but its value is never read.
src/features/notas/NotasCarga.tsx(1,8): error TS6133: 'React' is declared but its value is never read.
src/features/notas/NotasCarga.tsx(14,12): error TS6133: 'loading' is declared but its value is never read.
src/features/notas/NotasPage.tsx(1,1): error TS6133: 'React' is declared but its value is never read.
src/features/pagos/PagosPage.tsx(3,24): error TS6133: 'DollarSign' is declared but its value is never read.
src/features/pagos/PagosPage.tsx(3,36): error TS6133: 'Calendar' is declared but its value is never read.
src/features/pagos/PagosPage.tsx(3,46): error TS6133: 'CreditCard' is declared but its value is never read.
src/features/pagos/PagosPage.tsx(3,67): error TS6133: 'Save' is declared but its value is never read.
src/features/personal/PersonalPage.tsx(3,10): error TS6133: 'User' is declared but its value is never read.
src/features/personal/PersonalPage.tsx(3,16): error TS6133: 'Briefcase' is declared but its value is never read.
src/features/personal/PersonalPage.tsx(3,33): error TS6133: 'Search' is declared but its value is never read.
src/routes.tsx(1,17): error TS6133: 'Suspense' is declared but its value is never read.
src/routes.tsx(3,24): error TS2307: Cannot find module '../components/layout/MainLayout' or its corresponding type declarations.
src/routes.tsx(4,23): error TS2307: Cannot find module '../features/auth/LoginPage' or its corresponding type declarations.
src/routes.tsx(5,27): error TS2307: Cannot find module '../features/dashboard/DashboardPage' or its corresponding type declarations.
src/routes.tsx(6,25): error TS2307: Cannot find module '../features/alumnos/AlumnosList' or its corresponding type declarations.
src/routes.tsx(7,24): error TS2307: Cannot find module '../features/alumnos/AlumnoForm' or its corresponding type declarations.
src/routes.tsx(8,29): error TS2307: Cannot find module '../features/asistencias/AsistenciasPage' or its corresponding type declarations.
src/routes.tsx(9,23): error TS2307: Cannot find module '../features/notas/NotasPage' or its corresponding type declarations.
src/routes.tsx(10,24): error TS2307: Cannot find module '../features/notas/NotasCarga' or its corresponding type declarations.
src/routes.tsx(11,23): error TS2307: Cannot find module '../features/pagos/PagosPage' or its corresponding type declarations.
src/routes.tsx(12,26): error TS2307: Cannot find module '../features/conducta/ConductaPage' or its corresponding type declarations.
src/routes.tsx(13,29): error TS2307: Cannot find module '../features/actividades/ActividadesPage' or its corresponding type declarations.
src/routes.tsx(14,26): error TS2307: Cannot find module '../features/personal/PersonalPage' or its corresponding type declarations.
src/routes.tsx(15,31): error TS2307: Cannot find module '../features/calendario/DiasInhabilesPage' or its corresponding type declarations.
src/routes.tsx(16,39): error TS2307: Cannot find module '../context/AuthContext' or its corresponding type declarations.
